{"code":10002,"msg":"Error occurred while binding the request body to the struct. Error occurred while binding the request body to the struct.. id; not found, set id and retry"}