{"code":10003,"msg":"Error params. limit error err: strconv.Atoi: parsing \"abc\": invalid syntax"}