{"code":10003,"msg":"Error params. offset error err: strconv.Atoi: parsing \"a\": invalid syntax"}